2026-10-03 18:30:43.010 INFO  [main] com.gamehub.GameHubIntegrationTest - Starting GameHubIntegrationTest using Java 21.0.11 with PID 174643 (started by user in /home/user/projects/gamehub/gamehub-backend)
2026-10-03 18:30:43.011 INFO  [main] com.gamehub.GameHubIntegrationTest - The following 1 profile is active: "test"
2026-10-03 18:30:44.337 INFO  [main] o.s.d.r.c.RepositoryConfigurationDelegate - Bootstrapping Spring Data JPA repositories in DEFAULT mode.
2026-10-03 18:30:44.580 INFO  [main] o.s.d.r.c.RepositoryConfigurationDelegate - Finished Spring Data repository scanning in 231 ms. Found 16 JPA repository interfaces.
2026-10-03 18:30:45.683 INFO  [main] com.zaxxer.hikari.HikariDataSource - HikariPool-1 - Starting...
2026-10-03 18:30:45.934 INFO  [main] com.zaxxer.hikari.pool.HikariPool - HikariPool-1 - Added connection conn0: url=jdbc:h2:mem:gamehub user=SA
2026-10-03 18:30:45.936 INFO  [main] com.zaxxer.hikari.HikariDataSource - HikariPool-1 - Start completed.
2026-10-03 18:30:45.993 INFO  [main] org.flywaydb.core.FlywayExecutor - Database: jdbc:h2:mem:gamehub (H2 2.2)
2026-10-03 18:30:46.002 WARN  [main] o.f.c.i.database.base.Database - Flyway upgrade recommended: H2 2.2.224 is newer than this version of Flyway and support has not been tested. The latest supported version of H2 is 2.2.220.
2026-10-03 18:30:46.024 INFO  [main] o.f.c.i.s.JdbcTableSchemaHistory - Schema history table "public"."flyway_schema_history" does not exist yet
2026-10-03 18:30:46.027 INFO  [main] o.f.core.internal.command.DbValidate - Successfully validated 2 migrations (execution time 00:00.014s)
2026-10-03 18:30:46.037 INFO  [main] o.f.c.i.s.JdbcTableSchemaHistory - Creating Schema History table "public"."flyway_schema_history" ...
2026-10-03 18:30:46.079 INFO  [main] o.f.core.internal.command.DbMigrate - Current version of schema "public": << Empty Schema >>
2026-10-03 18:30:46.105 INFO  [main] o.f.core.internal.command.DbMigrate - Migrating schema "public" to version "1 - initial schema"
2026-10-03 18:30:46.170 INFO  [main] o.f.core.internal.command.DbMigrate - Migrating schema "public" to version "2 - add ready to players"
2026-10-03 18:30:46.196 INFO  [main] o.f.core.internal.command.DbMigrate - Successfully applied 2 migrations to schema "public", now at version v2 (execution time 00:00.065s)
2026-10-03 18:30:47.159 INFO  [main] o.s.o.j.p.SpringPersistenceUnitInfo - No LoadTimeWeaver setup: ignoring JPA class transformer
2026-10-03 18:30:47.210 WARN  [main] org.hibernate.orm.deprecation - HHH90000025: H2Dialect does not need to be specified explicitly using 'hibernate.dialect' (remove the property setting and it will be selected by default)
2026-10-03 18:30:48.467 INFO  [main] o.s.o.j.LocalContainerEntityManagerFactoryBean - Initialized JPA EntityManagerFactory for persistence unit 'default'
2026-10-03 18:30:49.399 INFO  [main] o.s.d.j.r.query.QueryEnhancerFactory - Hibernate is in classpath; If applicable, HQL parser will be used.
2026-10-03 18:30:50.145 INFO  [main] o.s.s.c.a.a.c.InitializeAuthenticationProviderBeanManagerConfigurer$InitializeAuthenticationProviderManagerConfigurer - Global AuthenticationManager configured with AuthenticationProvider bean with name daoAuthenticationProvider
2026-10-03 18:30:50.147 WARN  [main] o.s.s.c.a.a.c.InitializeUserDetailsBeanManagerConfigurer$InitializeUserDetailsManagerConfigurer - Global AuthenticationManager configured with an AuthenticationProvider bean. UserDetailsService beans will not be used for username/password login. Consider removing the AuthenticationProvider bean. Alternatively, consider using the UserDetailsService in a manually instantiated DaoAuthenticationProvider.
2026-10-03 18:30:51.120 INFO  [main] o.s.b.t.m.w.SpringBootMockServletContext - Initializing Spring TestDispatcherServlet ''
2026-10-03 18:30:51.121 INFO  [main] o.s.t.w.s.TestDispatcherServlet - Initializing Servlet ''
2026-10-03 18:30:51.122 INFO  [main] o.s.t.w.s.TestDispatcherServlet - Completed initialization in 1 ms
2026-10-03 18:30:51.254 INFO  [main] o.s.m.s.b.SimpleBrokerMessageHandler - Starting...
2026-10-03 18:30:51.255 INFO  [main] o.s.m.s.b.SimpleBrokerMessageHandler - BrokerAvailabilityEvent[available=true, SimpleBrokerMessageHandler [org.springframework.messaging.simp.broker.DefaultSubscriptionRegistry@670132b9]]
2026-10-03 18:30:51.257 INFO  [main] o.s.m.s.b.SimpleBrokerMessageHandler - Started.
2026-10-03 18:30:51.266 INFO  [main] com.gamehub.GameHubIntegrationTest - Started GameHubIntegrationTest in 8.746 seconds (process running for 10.221)
2026-10-03 18:30:52.225 INFO  [SpringApplicationShutdownHook] o.s.m.s.b.SimpleBrokerMessageHandler - Stopping...
2026-10-03 18:30:52.226 INFO  [SpringApplicationShutdownHook] o.s.m.s.b.SimpleBrokerMessageHandler - BrokerAvailabilityEvent[available=false, SimpleBrokerMessageHandler [org.springframework.messaging.simp.broker.DefaultSubscriptionRegistry@670132b9]]
2026-10-03 18:30:52.227 INFO  [SpringApplicationShutdownHook] o.s.m.s.b.SimpleBrokerMessageHandler - Stopped.
2026-10-03 18:30:52.244 INFO  [SpringApplicationShutdownHook] o.s.o.j.LocalContainerEntityManagerFactoryBean - Closing JPA EntityManagerFactory for persistence unit 'default'
2026-10-03 18:30:52.246 INFO  [SpringApplicationShutdownHook] com.zaxxer.hikari.HikariDataSource - HikariPool-1 - Shutdown initiated...
2026-10-03 18:30:52.249 INFO  [SpringApplicationShutdownHook] com.zaxxer.hikari.HikariDataSource - HikariPool-1 - Shutdown completed.
2026-10-04 00:40:01.021 INFO  [main] c.g.voice.VoicePresenceStompTest - Starting VoicePresenceStompTest using Java 21.0.11 with PID 95672 (started by swethamurthy1 in /Users/swethamurthy1/Desktop/game/GameHub-Backend)
2026-10-04 00:40:01.022 INFO  [main] c.g.voice.VoicePresenceStompTest - The following 1 profile is active: "test"
2026-10-04 00:40:01.671 INFO  [main] o.s.d.r.c.RepositoryConfigurationDelegate - Bootstrapping Spring Data JPA repositories in DEFAULT mode.
2026-10-04 00:40:01.782 INFO  [main] o.s.d.r.c.RepositoryConfigurationDelegate - Finished Spring Data repository scanning in 106 ms. Found 16 JPA repository interfaces.
2026-10-04 00:40:02.313 INFO  [main] o.s.b.w.e.tomcat.TomcatWebServer - Tomcat initialized with port 0 (http)
2026-10-04 00:40:02.320 INFO  [main] o.a.coyote.http11.Http11NioProtocol - Initializing ProtocolHandler ["http-nio-auto-1"]
2026-10-04 00:40:02.321 INFO  [main] o.a.catalina.core.StandardService - Starting service [Tomcat]
2026-10-04 00:40:02.321 INFO  [main] o.a.catalina.core.StandardEngine - Starting Servlet engine: [Apache Tomcat/10.1.33]
2026-10-04 00:40:02.348 INFO  [main] o.a.c.c.C.[Tomcat].[localhost].[/] - Initializing Spring embedded WebApplicationContext
2026-10-04 00:40:02.349 INFO  [main] o.s.b.w.s.c.ServletWebServerApplicationContext - Root WebApplicationContext: initialization completed in 1301 ms
2026-10-04 00:40:02.473 INFO  [main] com.zaxxer.hikari.HikariDataSource - HikariPool-1 - Starting...
2026-10-04 00:40:02.585 INFO  [main] com.zaxxer.hikari.pool.HikariPool - HikariPool-1 - Added connection conn0: url=jdbc:h2:mem:gamehub user=SA
2026-10-04 00:40:02.586 INFO  [main] com.zaxxer.hikari.HikariDataSource - HikariPool-1 - Start completed.
2026-10-04 00:40:02.620 INFO  [main] org.flywaydb.core.FlywayExecutor - Database: jdbc:h2:mem:gamehub (H2 2.2)
2026-10-04 00:40:02.625 WARN  [main] o.f.c.i.database.base.Database - Flyway upgrade recommended: H2 2.2.224 is newer than this version of Flyway and support has not been tested. The latest supported version of H2 is 2.2.220.
2026-10-04 00:40:02.648 INFO  [main] o.f.c.i.s.JdbcTableSchemaHistory - Schema history table "public"."flyway_schema_history" does not exist yet
2026-10-04 00:40:02.652 INFO  [main] o.f.core.internal.command.DbValidate - Successfully validated 2 migrations (execution time 00:00.015s)
2026-10-04 00:40:02.660 INFO  [main] o.f.c.i.s.JdbcTableSchemaHistory - Creating Schema History table "public"."flyway_schema_history" ...
2026-10-04 00:40:02.707 INFO  [main] o.f.core.internal.command.DbMigrate - Current version of schema "public": << Empty Schema >>
2026-10-04 00:40:02.725 INFO  [main] o.f.core.internal.command.DbMigrate - Migrating schema "public" to version "1 - initial schema"
2026-10-04 00:40:02.757 INFO  [main] o.f.core.internal.command.DbMigrate - Migrating schema "public" to version "2 - add ready to players"
2026-10-04 00:40:02.768 INFO  [main] o.f.core.internal.command.DbMigrate - Successfully applied 2 migrations to schema "public", now at version v2 (execution time 00:00.025s)
2026-10-04 00:40:03.114 INFO  [main] o.s.o.j.p.SpringPersistenceUnitInfo - No LoadTimeWeaver setup: ignoring JPA class transformer
2026-10-04 00:40:03.150 WARN  [main] org.hibernate.orm.deprecation - HHH90000025: H2Dialect does not need to be specified explicitly using 'hibernate.dialect' (remove the property setting and it will be selected by default)
2026-10-04 00:40:03.885 INFO  [main] o.s.o.j.LocalContainerEntityManagerFactoryBean - Initialized JPA EntityManagerFactory for persistence unit 'default'
2026-10-04 00:40:04.451 INFO  [main] o.s.d.j.r.query.QueryEnhancerFactory - Hibernate is in classpath; If applicable, HQL parser will be used.
2026-10-04 00:40:04.869 INFO  [main] o.s.s.c.a.a.c.InitializeAuthenticationProviderBeanManagerConfigurer$InitializeAuthenticationProviderManagerConfigurer - Global AuthenticationManager configured with AuthenticationProvider bean with name daoAuthenticationProvider
2026-10-04 00:40:04.870 WARN  [main] o.s.s.c.a.a.c.InitializeUserDetailsBeanManagerConfigurer$InitializeUserDetailsManagerConfigurer - Global AuthenticationManager configured with an AuthenticationProvider bean. UserDetailsService beans will not be used for username/password login. Consider removing the AuthenticationProvider bean. Alternatively, consider using the UserDetailsService in a manually instantiated DaoAuthenticationProvider.
2026-10-04 00:40:05.331 INFO  [main] o.a.c.c.C.[Tomcat].[localhost].[/] - Initializing Spring TestDispatcherServlet ''
2026-10-04 00:40:05.332 INFO  [main] o.s.t.w.s.TestDispatcherServlet - Initializing Servlet ''
2026-10-04 00:40:05.333 INFO  [main] o.s.t.w.s.TestDispatcherServlet - Completed initialization in 1 ms
2026-10-04 00:40:05.415 INFO  [main] o.a.coyote.http11.Http11NioProtocol - Starting ProtocolHandler ["http-nio-auto-1"]
2026-10-04 00:40:05.442 INFO  [main] o.s.b.w.e.tomcat.TomcatWebServer - Tomcat started on port 57871 (http) with context path '/'
2026-10-04 00:40:05.443 INFO  [main] o.s.m.s.b.SimpleBrokerMessageHandler - Starting...
2026-10-04 00:40:05.444 INFO  [main] o.s.m.s.b.SimpleBrokerMessageHandler - BrokerAvailabilityEvent[available=true, SimpleBrokerMessageHandler [org.springframework.messaging.simp.broker.DefaultSubscriptionRegistry@304c8f39]]
2026-10-04 00:40:05.444 INFO  [main] o.s.m.s.b.SimpleBrokerMessageHandler - Started.
2026-10-04 00:40:05.450 INFO  [main] c.g.voice.VoicePresenceStompTest - Started VoicePresenceStompTest in 4.762 seconds (process running for 5.967)
2026-10-04 00:40:06.359 INFO  [http-nio-auto-1-exec-1] o.a.c.c.C.[Tomcat].[localhost].[/] - Initializing Spring DispatcherServlet 'dispatcherServlet'
2026-10-04 00:40:06.360 INFO  [http-nio-auto-1-exec-1] o.s.web.servlet.DispatcherServlet - Initializing Servlet 'dispatcherServlet'
2026-10-04 00:40:06.361 INFO  [http-nio-auto-1-exec-1] o.s.web.servlet.DispatcherServlet - Completed initialization in 1 ms
2026-10-04 00:40:06.388 INFO  [http-nio-auto-1-exec-2] c.g.w.i.JwtHandshakeInterceptor - WebSocket handshake attempt - URI: /ws/424/a949383ef7d74538820bd95d98a81d29/websocket, Query: token=eyJhbGciOiJIUzI1NiJ9.eyJzdWIiOiJhOGI4MTY1My04OTBkLTRjMmMtYjczOC1lZWViZjY1MjA0ZDYiLCJ1c2VybmFtZSI6InByYWRlZXAyIiwiZ3Vlc3QiOnRydWUsInJvbGVzIjpbIkdVRVNUIl0sImlhdCI6MTc5MTA1NDYwNiwiZXhwIjoxNzkxMDY5MDA2fQ.tyzMLt5UIPduZHszfhSSMe5zybVUGOtgFMp8xjboEOM, Origin: null, Host: localhost:57871, Auth header present: false
2026-10-04 00:40:06.401 INFO  [http-nio-auto-1-exec-2] c.g.w.i.JwtHandshakeInterceptor - ✓ WebSocket authenticated with user: pradeep2
2026-10-04 00:40:06.405 INFO  [http-nio-auto-1-exec-2] c.g.w.i.WebSocketPrincipalHandshakeHandler - WS HANDSHAKE resolved userId=a8b81653-890d-4c2c-b738-eeebf65204d6 username=pradeep2 principalName=a8b81653-890d-4c2c-b738-eeebf65204d6
2026-10-04 00:40:06.425 INFO  [http-nio-auto-1-exec-3] c.g.w.infrastructure.WebSocketConfig - STOMP INBOUND: command=CONNECT destination=null sessionId=a949383ef7d74538820bd95d98a81d29 principal=GameHubAuthenticationToken [Principal=GameHubUserPrincipal[userId=a8b81653-890d-4c2c-b738-eeebf65204d6, username=pradeep2, password=$2a$10$pIh.Kb9cD77GCAcY4SLNDeLvVIz.MyttCUabqDhZWNNXl7wyro0Oi, guest=true, roles=[GUEST]], Credentials=[PROTECTED], Authenticated=true, Details=null, Granted Authorities=[ROLE_GUEST]] principalName=a8b81653-890d-4c2c-b738-eeebf65204d6
2026-10-04 00:40:06.426 INFO  [http-nio-auto-1-exec-3] c.g.w.infrastructure.WebSocketConfig - CONNECT already authenticated: principalClass=com.gamehub.security.infrastructure.GameHubAuthenticationToken principalName=a8b81653-890d-4c2c-b738-eeebf65204d6 sessionId=a949383ef7d74538820bd95d98a81d29
2026-10-04 00:40:06.433 INFO  [http-nio-auto-1-exec-5] c.g.w.i.JwtHandshakeInterceptor - WebSocket handshake attempt - URI: /ws/619/8cc02f91617e4ab5aa501a34c06c5470/websocket, Query: token=eyJhbGciOiJIUzI1NiJ9.eyJzdWIiOiJjZTA0MWE5NC02MDU4LTQzMTctYTVhZC1lYTdlOWI2ZGRhNTQiLCJ1c2VybmFtZSI6Im1hY3VzZXIyIiwiZ3Vlc3QiOnRydWUsInJvbGVzIjpbIkdVRVNUIl0sImlhdCI6MTc5MTA1NDYwNiwiZXhwIjoxNzkxMDY5MDA2fQ.PoH1iwg3Lbj58zCC2ylOYyZPahnDr56r7nHkqt-qU3E, Origin: null, Host: localhost:57871, Auth header present: false
2026-10-04 00:40:06.435 INFO  [http-nio-auto-1-exec-5] c.g.w.i.JwtHandshakeInterceptor - ✓ WebSocket authenticated with user: macuser2
2026-10-04 00:40:06.436 INFO  [http-nio-auto-1-exec-5] c.g.w.i.WebSocketPrincipalHandshakeHandler - WS HANDSHAKE resolved userId=ce041a94-6058-4317-a5ad-ea7e9b6dda54 username=macuser2 principalName=ce041a94-6058-4317-a5ad-ea7e9b6dda54
2026-10-04 00:40:06.437 INFO  [http-nio-auto-1-exec-6] c.g.w.infrastructure.WebSocketConfig - STOMP INBOUND: command=CONNECT destination=null sessionId=8cc02f91617e4ab5aa501a34c06c5470 principal=GameHubAuthenticationToken [Principal=GameHubUserPrincipal[userId=ce041a94-6058-4317-a5ad-ea7e9b6dda54, username=macuser2, password=$2a$10$aOfVxc9QnXfzIYRbAo1fnO7V5CYujN/TgKBbO17QjUQHwQS.mJgWq, guest=true, roles=[GUEST]], Credentials=[PROTECTED], Authenticated=true, Details=null, Granted Authorities=[ROLE_GUEST]] principalName=ce041a94-6058-4317-a5ad-ea7e9b6dda54
2026-10-04 00:40:06.438 INFO  [http-nio-auto-1-exec-6] c.g.w.infrastructure.WebSocketConfig - CONNECT already authenticated: principalClass=com.gamehub.security.infrastructure.GameHubAuthenticationToken principalName=ce041a94-6058-4317-a5ad-ea7e9b6dda54 sessionId=8cc02f91617e4ab5aa501a34c06c5470
2026-10-04 00:40:06.439 INFO  [http-nio-auto-1-exec-8] c.g.w.infrastructure.WebSocketConfig - STOMP INBOUND: command=SUBSCRIBE destination=/topic/rooms/8daa24c0-64b7-4335-8758-60a53a70d9df/voice sessionId=8cc02f91617e4ab5aa501a34c06c5470 principal=GameHubAuthenticationToken [Principal=GameHubUserPrincipal[userId=ce041a94-6058-4317-a5ad-ea7e9b6dda54, username=macuser2, password=$2a$10$aOfVxc9QnXfzIYRbAo1fnO7V5CYujN/TgKBbO17QjUQHwQS.mJgWq, guest=true, roles=[GUEST]], Credentials=[PROTECTED], Authenticated=true, Details=null, Granted Authorities=[ROLE_GUEST]] principalName=ce041a94-6058-4317-a5ad-ea7e9b6dda54
2026-10-04 00:40:06.439 INFO  [http-nio-auto-1-exec-7] c.g.w.infrastructure.WebSocketConfig - STOMP INBOUND: command=SUBSCRIBE destination=/topic/rooms/8daa24c0-64b7-4335-8758-60a53a70d9df/voice sessionId=a949383ef7d74538820bd95d98a81d29 principal=GameHubAuthenticationToken [Principal=GameHubUserPrincipal[userId=a8b81653-890d-4c2c-b738-eeebf65204d6, username=pradeep2, password=$2a$10$pIh.Kb9cD77GCAcY4SLNDeLvVIz.MyttCUabqDhZWNNXl7wyro0Oi, guest=true, roles=[GUEST]], Credentials=[PROTECTED], Authenticated=true, Details=null, Granted Authorities=[ROLE_GUEST]] principalName=a8b81653-890d-4c2c-b738-eeebf65204d6
2026-10-04 00:40:06.442 INFO  [http-nio-auto-1-exec-9] c.g.w.infrastructure.WebSocketConfig - STOMP INBOUND: command=SEND destination=/app/voice/8daa24c0-64b7-4335-8758-60a53a70d9df/join sessionId=a949383ef7d74538820bd95d98a81d29 principal=GameHubAuthenticationToken [Principal=GameHubUserPrincipal[userId=a8b81653-890d-4c2c-b738-eeebf65204d6, username=pradeep2, password=$2a$10$pIh.Kb9cD77GCAcY4SLNDeLvVIz.MyttCUabqDhZWNNXl7wyro0Oi, guest=true, roles=[GUEST]], Credentials=[PROTECTED], Authenticated=true, Details=null, Granted Authorities=[ROLE_GUEST]] principalName=a8b81653-890d-4c2c-b738-eeebf65204d6
2026-10-04 00:40:06.442 INFO  [http-nio-auto-1-exec-10] c.g.w.infrastructure.WebSocketConfig - STOMP INBOUND: command=SEND destination=/app/voice/8daa24c0-64b7-4335-8758-60a53a70d9df/join sessionId=8cc02f91617e4ab5aa501a34c06c5470 principal=GameHubAuthenticationToken [Principal=GameHubUserPrincipal[userId=ce041a94-6058-4317-a5ad-ea7e9b6dda54, username=macuser2, password=$2a$10$aOfVxc9QnXfzIYRbAo1fnO7V5CYujN/TgKBbO17QjUQHwQS.mJgWq, guest=true, roles=[GUEST]], Credentials=[PROTECTED], Authenticated=true, Details=null, Granted Authorities=[ROLE_GUEST]] principalName=ce041a94-6058-4317-a5ad-ea7e9b6dda54
2026-10-04 00:40:06.444 INFO  [ws-heartbeat-1] c.g.v.a.VoiceSignalingService - Voice join: roomId=8daa24c0-64b7-4335-8758-60a53a70d9df userId=ce041a94-6058-4317-a5ad-ea7e9b6dda54 total=1
2026-10-04 00:40:06.445 INFO  [ws-heartbeat-2] c.g.v.a.VoiceSignalingService - Voice join: roomId=8daa24c0-64b7-4335-8758-60a53a70d9df userId=a8b81653-890d-4c2c-b738-eeebf65204d6 total=2
2026-10-04 00:40:06.447 INFO  [ws-heartbeat-2] c.g.voice.api.VoiceStompController - VOICE JOIN: roomId=8daa24c0-64b7-4335-8758-60a53a70d9df userId=a8b81653-890d-4c2c-b738-eeebf65204d6 participants=2
2026-10-04 00:40:06.447 INFO  [ws-heartbeat-1] c.g.voice.api.VoiceStompController - VOICE JOIN: roomId=8daa24c0-64b7-4335-8758-60a53a70d9df userId=ce041a94-6058-4317-a5ad-ea7e9b6dda54 participants=2
2026-10-04 00:40:06.452 INFO  [http-nio-auto-1-exec-1] c.g.w.infrastructure.WebSocketConfig - STOMP INBOUND: command=SEND destination=/app/voice/8daa24c0-64b7-4335-8758-60a53a70d9df/leave sessionId=8cc02f91617e4ab5aa501a34c06c5470 principal=GameHubAuthenticationToken [Principal=GameHubUserPrincipal[userId=ce041a94-6058-4317-a5ad-ea7e9b6dda54, username=macuser2, password=$2a$10$aOfVxc9QnXfzIYRbAo1fnO7V5CYujN/TgKBbO17QjUQHwQS.mJgWq, guest=true, roles=[GUEST]], Credentials=[PROTECTED], Authenticated=true, Details=null, Granted Authorities=[ROLE_GUEST]] principalName=ce041a94-6058-4317-a5ad-ea7e9b6dda54
2026-10-04 00:40:06.456 INFO  [ws-heartbeat-1] c.g.v.a.VoiceSignalingService - Voice leave: roomId=8daa24c0-64b7-4335-8758-60a53a70d9df userId=ce041a94-6058-4317-a5ad-ea7e9b6dda54 remaining=1
2026-10-04 00:40:06.456 INFO  [ws-heartbeat-1] c.g.voice.api.VoiceStompController - VOICE LEAVE: roomId=8daa24c0-64b7-4335-8758-60a53a70d9df userId=ce041a94-6058-4317-a5ad-ea7e9b6dda54
2026-10-04 00:40:06.460 INFO  [http-nio-auto-1-exec-2] c.g.w.infrastructure.WebSocketConfig - STOMP INBOUND: command=DISCONNECT destination=null sessionId=a949383ef7d74538820bd95d98a81d29 principal=GameHubAuthenticationToken [Principal=GameHubUserPrincipal[userId=a8b81653-890d-4c2c-b738-eeebf65204d6, username=pradeep2, password=$2a$10$pIh.Kb9cD77GCAcY4SLNDeLvVIz.MyttCUabqDhZWNNXl7wyro0Oi, guest=true, roles=[GUEST]], Credentials=[PROTECTED], Authenticated=true, Details=null, Granted Authorities=[ROLE_GUEST]] principalName=a8b81653-890d-4c2c-b738-eeebf65204d6
2026-10-04 00:40:06.462 INFO  [http-nio-auto-1-exec-2] c.g.v.a.VoiceSignalingService - Voice leave: roomId=8daa24c0-64b7-4335-8758-60a53a70d9df userId=a8b81653-890d-4c2c-b738-eeebf65204d6 remaining=0
2026-10-04 00:40:06.463 INFO  [http-nio-auto-1-exec-3] c.g.w.infrastructure.WebSocketConfig - STOMP INBOUND: command=DISCONNECT destination=null sessionId=8cc02f91617e4ab5aa501a34c06c5470 principal=GameHubAuthenticationToken [Principal=GameHubUserPrincipal[userId=ce041a94-6058-4317-a5ad-ea7e9b6dda54, username=macuser2, password=$2a$10$aOfVxc9QnXfzIYRbAo1fnO7V5CYujN/TgKBbO17QjUQHwQS.mJgWq, guest=true, roles=[GUEST]], Credentials=[PROTECTED], Authenticated=true, Details=null, Granted Authorities=[ROLE_GUEST]] principalName=ce041a94-6058-4317-a5ad-ea7e9b6dda54
2026-10-04 00:40:06.469 INFO  [http-nio-auto-1-exec-3] c.g.w.infrastructure.WebSocketConfig - STOMP INBOUND: command=DISCONNECT destination=null sessionId=8cc02f91617e4ab5aa501a34c06c5470 principal=GameHubAuthenticationToken [Principal=GameHubUserPrincipal[userId=ce041a94-6058-4317-a5ad-ea7e9b6dda54, username=macuser2, password=$2a$10$aOfVxc9QnXfzIYRbAo1fnO7V5CYujN/TgKBbO17QjUQHwQS.mJgWq, guest=true, roles=[GUEST]], Credentials=[PROTECTED], Authenticated=true, Details=null, Granted Authorities=[ROLE_GUEST]] principalName=ce041a94-6058-4317-a5ad-ea7e9b6dda54
2026-10-04 00:40:06.469 INFO  [http-nio-auto-1-exec-2] c.g.w.infrastructure.WebSocketConfig - STOMP INBOUND: command=DISCONNECT destination=null sessionId=a949383ef7d74538820bd95d98a81d29 principal=GameHubAuthenticationToken [Principal=GameHubUserPrincipal[userId=a8b81653-890d-4c2c-b738-eeebf65204d6, username=pradeep2, password=$2a$10$pIh.Kb9cD77GCAcY4SLNDeLvVIz.MyttCUabqDhZWNNXl7wyro0Oi, guest=true, roles=[GUEST]], Credentials=[PROTECTED], Authenticated=true, Details=null, Granted Authorities=[ROLE_GUEST]] principalName=a8b81653-890d-4c2c-b738-eeebf65204d6
2026-10-04 00:40:06.756 INFO  [http-nio-auto-1-exec-5] c.g.w.i.JwtHandshakeInterceptor - WebSocket handshake attempt - URI: /ws/54/2ffed1845ceb4f7e8e3e99b4dbdc12f4/websocket, Query: token=eyJhbGciOiJIUzI1NiJ9.eyJzdWIiOiIyYWZjODk3Yi05YTBlLTQyOTMtYjUxZS1iMzJkMTAwNjdjMjUiLCJ1c2VybmFtZSI6InByYWRlZXAiLCJndWVzdCI6dHJ1ZSwicm9sZXMiOlsiR1VFU1QiXSwiaWF0IjoxNzkxMDU0NjA2LCJleHAiOjE3OTEwNjkwMDZ9.bEN0j8Hd-Aob5EcSzY69yKdtR3koYz-f8fXQa1iMiTU, Origin: null, Host: localhost:57871, Auth header present: false
2026-10-04 00:40:06.759 INFO  [http-nio-auto-1-exec-5] c.g.w.i.JwtHandshakeInterceptor - ✓ WebSocket authenticated with user: pradeep
2026-10-04 00:40:06.761 INFO  [http-nio-auto-1-exec-5] c.g.w.i.WebSocketPrincipalHandshakeHandler - WS HANDSHAKE resolved userId=2afc897b-9a0e-4293-b51e-b32d10067c25 username=pradeep principalName=2afc897b-9a0e-4293-b51e-b32d10067c25
2026-10-04 00:40:06.764 INFO  [http-nio-auto-1-exec-6] c.g.w.infrastructure.WebSocketConfig - STOMP INBOUND: command=CONNECT destination=null sessionId=2ffed1845ceb4f7e8e3e99b4dbdc12f4 principal=GameHubAuthenticationToken [Principal=GameHubUserPrincipal[userId=2afc897b-9a0e-4293-b51e-b32d10067c25, username=pradeep, password=$2a$10$yw9N7hH1GQDiz13/bfa4buwi6PQwVrR65BFjXgwjVoaYJicO2H1oS, guest=true, roles=[GUEST]], Credentials=[PROTECTED], Authenticated=true, Details=null, Granted Authorities=[ROLE_GUEST]] principalName=2afc897b-9a0e-4293-b51e-b32d10067c25
2026-10-04 00:40:06.764 INFO  [http-nio-auto-1-exec-6] c.g.w.infrastructure.WebSocketConfig - CONNECT already authenticated: principalClass=com.gamehub.security.infrastructure.GameHubAuthenticationToken principalName=2afc897b-9a0e-4293-b51e-b32d10067c25 sessionId=2ffed1845ceb4f7e8e3e99b4dbdc12f4
2026-10-04 00:40:06.768 INFO  [http-nio-auto-1-exec-8] c.g.w.i.JwtHandshakeInterceptor - WebSocket handshake attempt - URI: /ws/404/8d9207232c9c40a4b0d8c68933c8a501/websocket, Query: token=eyJhbGciOiJIUzI1NiJ9.eyJzdWIiOiJhNzc4MDAwMS1jNzQzLTQ0MDMtODBlYi00NTVjMDhkNTI5ZDgiLCJ1c2VybmFtZSI6Im1hY3VzZXIiLCJndWVzdCI6dHJ1ZSwicm9sZXMiOlsiR1VFU1QiXSwiaWF0IjoxNzkxMDU0NjA2LCJleHAiOjE3OTEwNjkwMDZ9.ar37tiVvsZYNlP3eCyQ-H4VrSyVQ8DioIMxFpRGldtU, Origin: null, Host: localhost:57871, Auth header present: false
2026-10-04 00:40:06.769 INFO  [http-nio-auto-1-exec-8] c.g.w.i.JwtHandshakeInterceptor - ✓ WebSocket authenticated with user: macuser
2026-10-04 00:40:06.771 INFO  [http-nio-auto-1-exec-8] c.g.w.i.WebSocketPrincipalHandshakeHandler - WS HANDSHAKE resolved userId=a7780001-c743-4403-80eb-455c08d529d8 username=macuser principalName=a7780001-c743-4403-80eb-455c08d529d8
2026-10-04 00:40:06.772 INFO  [http-nio-auto-1-exec-9] c.g.w.infrastructure.WebSocketConfig - STOMP INBOUND: command=CONNECT destination=null sessionId=8d9207232c9c40a4b0d8c68933c8a501 principal=GameHubAuthenticationToken [Principal=GameHubUserPrincipal[userId=a7780001-c743-4403-80eb-455c08d529d8, username=macuser, password=$2a$10$UUgT9w0sNwYGHbBpfQv1V.GZxr/nHaNY3hYK78gKa2hKPTVQGBBU6, guest=true, roles=[GUEST]], Credentials=[PROTECTED], Authenticated=true, Details=null, Granted Authorities=[ROLE_GUEST]] principalName=a7780001-c743-4403-80eb-455c08d529d8
2026-10-04 00:40:06.772 INFO  [http-nio-auto-1-exec-9] c.g.w.infrastructure.WebSocketConfig - CONNECT already authenticated: principalClass=com.gamehub.security.infrastructure.GameHubAuthenticationToken principalName=a7780001-c743-4403-80eb-455c08d529d8 sessionId=8d9207232c9c40a4b0d8c68933c8a501
2026-10-04 00:40:06.773 INFO  [http-nio-auto-1-exec-10] c.g.w.infrastructure.WebSocketConfig - STOMP INBOUND: command=SUBSCRIBE destination=/user/queue/voice sessionId=2ffed1845ceb4f7e8e3e99b4dbdc12f4 principal=GameHubAuthenticationToken [Principal=GameHubUserPrincipal[userId=2afc897b-9a0e-4293-b51e-b32d10067c25, username=pradeep, password=$2a$10$yw9N7hH1GQDiz13/bfa4buwi6PQwVrR65BFjXgwjVoaYJicO2H1oS, guest=true, roles=[GUEST]], Credentials=[PROTECTED], Authenticated=true, Details=null, Granted Authorities=[ROLE_GUEST]] principalName=2afc897b-9a0e-4293-b51e-b32d10067c25
2026-10-04 00:40:06.774 INFO  [http-nio-auto-1-exec-1] c.g.w.infrastructure.WebSocketConfig - STOMP INBOUND: command=SUBSCRIBE destination=/user/queue/voice sessionId=8d9207232c9c40a4b0d8c68933c8a501 principal=GameHubAuthenticationToken [Principal=GameHubUserPrincipal[userId=a7780001-c743-4403-80eb-455c08d529d8, username=macuser, password=$2a$10$UUgT9w0sNwYGHbBpfQv1V.GZxr/nHaNY3hYK78gKa2hKPTVQGBBU6, guest=true, roles=[GUEST]], Credentials=[PROTECTED], Authenticated=true, Details=null, Granted Authorities=[ROLE_GUEST]] principalName=a7780001-c743-4403-80eb-455c08d529d8
2026-10-04 00:40:06.774 INFO  [http-nio-auto-1-exec-10] c.g.w.infrastructure.WebSocketConfig - STOMP INBOUND: command=SUBSCRIBE destination=/topic/rooms/8daa24c0-64b7-4335-8758-60a53a70d9df/voice sessionId=2ffed1845ceb4f7e8e3e99b4dbdc12f4 principal=GameHubAuthenticationToken [Principal=GameHubUserPrincipal[userId=2afc897b-9a0e-4293-b51e-b32d10067c25, username=pradeep, password=$2a$10$yw9N7hH1GQDiz13/bfa4buwi6PQwVrR65BFjXgwjVoaYJicO2H1oS, guest=true, roles=[GUEST]], Credentials=[PROTECTED], Authenticated=true, Details=null, Granted Authorities=[ROLE_GUEST]] principalName=2afc897b-9a0e-4293-b51e-b32d10067c25
2026-10-04 00:40:06.774 INFO  [http-nio-auto-1-exec-1] c.g.w.infrastructure.WebSocketConfig - STOMP INBOUND: command=SUBSCRIBE destination=/topic/rooms/8daa24c0-64b7-4335-8758-60a53a70d9df/voice sessionId=8d9207232c9c40a4b0d8c68933c8a501 principal=GameHubAuthenticationToken [Principal=GameHubUserPrincipal[userId=a7780001-c743-4403-80eb-455c08d529d8, username=macuser, password=$2a$10$UUgT9w0sNwYGHbBpfQv1V.GZxr/nHaNY3hYK78gKa2hKPTVQGBBU6, guest=true, roles=[GUEST]], Credentials=[PROTECTED], Authenticated=true, Details=null, Granted Authorities=[ROLE_GUEST]] principalName=a7780001-c743-4403-80eb-455c08d529d8
2026-10-04 00:40:06.774 INFO  [http-nio-auto-1-exec-10] c.g.w.infrastructure.WebSocketConfig - STOMP INBOUND: command=SEND destination=/app/voice/8daa24c0-64b7-4335-8758-60a53a70d9df/join sessionId=2ffed1845ceb4f7e8e3e99b4dbdc12f4 principal=GameHubAuthenticationToken [Principal=GameHubUserPrincipal[userId=2afc897b-9a0e-4293-b51e-b32d10067c25, username=pradeep, password=$2a$10$yw9N7hH1GQDiz13/bfa4buwi6PQwVrR65BFjXgwjVoaYJicO2H1oS, guest=true, roles=[GUEST]], Credentials=[PROTECTED], Authenticated=true, Details=null, Granted Authorities=[ROLE_GUEST]] principalName=2afc897b-9a0e-4293-b51e-b32d10067c25
2026-10-04 00:40:06.774 INFO  [http-nio-auto-1-exec-10] c.g.w.infrastructure.WebSocketConfig - STOMP INBOUND: command=SEND destination=/app/voice/8daa24c0-64b7-4335-8758-60a53a70d9df/mute sessionId=2ffed1845ceb4f7e8e3e99b4dbdc12f4 principal=GameHubAuthenticationToken [Principal=GameHubUserPrincipal[userId=2afc897b-9a0e-4293-b51e-b32d10067c25, username=pradeep, password=$2a$10$yw9N7hH1GQDiz13/bfa4buwi6PQwVrR65BFjXgwjVoaYJicO2H1oS, guest=true, roles=[GUEST]], Credentials=[PROTECTED], Authenticated=true, Details=null, Granted Authorities=[ROLE_GUEST]] principalName=2afc897b-9a0e-4293-b51e-b32d10067c25
2026-10-04 00:40:06.775 INFO  [http-nio-auto-1-exec-1] c.g.w.infrastructure.WebSocketConfig - STOMP INBOUND: command=SEND destination=/app/voice/8daa24c0-64b7-4335-8758-60a53a70d9df/join sessionId=8d9207232c9c40a4b0d8c68933c8a501 principal=GameHubAuthenticationToken [Principal=GameHubUserPrincipal[userId=a7780001-c743-4403-80eb-455c08d529d8, username=macuser, password=$2a$10$UUgT9w0sNwYGHbBpfQv1V.GZxr/nHaNY3hYK78gKa2hKPTVQGBBU6, guest=true, roles=[GUEST]], Credentials=[PROTECTED], Authenticated=true, Details=null, Granted Authorities=[ROLE_GUEST]] principalName=a7780001-c743-4403-80eb-455c08d529d8
2026-10-04 00:40:06.775 INFO  [ws-heartbeat-2] c.g.v.a.VoiceSignalingService - Voice join: roomId=8daa24c0-64b7-4335-8758-60a53a70d9df userId=2afc897b-9a0e-4293-b51e-b32d10067c25 total=1
2026-10-04 00:40:06.775 INFO  [ws-heartbeat-2] c.g.voice.api.VoiceStompController - VOICE JOIN: roomId=8daa24c0-64b7-4335-8758-60a53a70d9df userId=2afc897b-9a0e-4293-b51e-b32d10067c25 participants=1
2026-10-04 00:40:06.775 INFO  [ws-heartbeat-2] c.g.v.a.VoiceSignalingService - Voice join: roomId=8daa24c0-64b7-4335-8758-60a53a70d9df userId=a7780001-c743-4403-80eb-455c08d529d8 total=2
2026-10-04 00:40:06.775 INFO  [http-nio-auto-1-exec-1] c.g.w.infrastructure.WebSocketConfig - STOMP INBOUND: command=SEND destination=/app/voice/8daa24c0-64b7-4335-8758-60a53a70d9df/mute sessionId=8d9207232c9c40a4b0d8c68933c8a501 principal=GameHubAuthenticationToken [Principal=GameHubUserPrincipal[userId=a7780001-c743-4403-80eb-455c08d529d8, username=macuser, password=$2a$10$UUgT9w0sNwYGHbBpfQv1V.GZxr/nHaNY3hYK78gKa2hKPTVQGBBU6, guest=true, roles=[GUEST]], Credentials=[PROTECTED], Authenticated=true, Details=null, Granted Authorities=[ROLE_GUEST]] principalName=a7780001-c743-4403-80eb-455c08d529d8
2026-10-04 00:40:06.776 INFO  [ws-heartbeat-2] c.g.voice.api.VoiceStompController - VOICE JOIN: roomId=8daa24c0-64b7-4335-8758-60a53a70d9df userId=a7780001-c743-4403-80eb-455c08d529d8 participants=2
2026-10-04 00:40:06.780 INFO  [http-nio-auto-1-exec-3] c.g.w.infrastructure.WebSocketConfig - STOMP INBOUND: command=DISCONNECT destination=null sessionId=2ffed1845ceb4f7e8e3e99b4dbdc12f4 principal=GameHubAuthenticationToken [Principal=GameHubUserPrincipal[userId=2afc897b-9a0e-4293-b51e-b32d10067c25, username=pradeep, password=$2a$10$yw9N7hH1GQDiz13/bfa4buwi6PQwVrR65BFjXgwjVoaYJicO2H1oS, guest=true, roles=[GUEST]], Credentials=[PROTECTED], Authenticated=true, Details=null, Granted Authorities=[ROLE_GUEST]] principalName=2afc897b-9a0e-4293-b51e-b32d10067c25
2026-10-04 00:40:06.780 INFO  [http-nio-auto-1-exec-2] c.g.w.infrastructure.WebSocketConfig - STOMP INBOUND: command=DISCONNECT destination=null sessionId=8d9207232c9c40a4b0d8c68933c8a501 principal=GameHubAuthenticationToken [Principal=GameHubUserPrincipal[userId=a7780001-c743-4403-80eb-455c08d529d8, username=macuser, password=$2a$10$UUgT9w0sNwYGHbBpfQv1V.GZxr/nHaNY3hYK78gKa2hKPTVQGBBU6, guest=true, roles=[GUEST]], Credentials=[PROTECTED], Authenticated=true, Details=null, Granted Authorities=[ROLE_GUEST]] principalName=a7780001-c743-4403-80eb-455c08d529d8
2026-10-04 00:40:06.781 INFO  [http-nio-auto-1-exec-2] c.g.v.a.VoiceSignalingService - Voice leave: roomId=8daa24c0-64b7-4335-8758-60a53a70d9df userId=a7780001-c743-4403-80eb-455c08d529d8 remaining=0
2026-10-04 00:40:06.781 INFO  [http-nio-auto-1-exec-3] c.g.v.a.VoiceSignalingService - Voice leave: roomId=8daa24c0-64b7-4335-8758-60a53a70d9df userId=2afc897b-9a0e-4293-b51e-b32d10067c25 remaining=0
2026-10-04 00:40:06.783 INFO  [ws-heartbeat-1] c.g.voice.api.VoiceStompController - VOICE MUTE: roomId=8daa24c0-64b7-4335-8758-60a53a70d9df userId=2afc897b-9a0e-4293-b51e-b32d10067c25 muted=true
2026-10-04 00:40:06.783 INFO  [ws-heartbeat-2] c.g.voice.api.VoiceStompController - VOICE MUTE: roomId=8daa24c0-64b7-4335-8758-60a53a70d9df userId=a7780001-c743-4403-80eb-455c08d529d8 muted=true
2026-10-04 00:40:06.784 INFO  [http-nio-auto-1-exec-3] c.g.w.infrastructure.WebSocketConfig - STOMP INBOUND: command=DISCONNECT destination=null sessionId=2ffed1845ceb4f7e8e3e99b4dbdc12f4 principal=GameHubAuthenticationToken [Principal=GameHubUserPrincipal[userId=2afc897b-9a0e-4293-b51e-b32d10067c25, username=pradeep, password=$2a$10$yw9N7hH1GQDiz13/bfa4buwi6PQwVrR65BFjXgwjVoaYJicO2H1oS, guest=true, roles=[GUEST]], Credentials=[PROTECTED], Authenticated=true, Details=null, Granted Authorities=[ROLE_GUEST]] principalName=2afc897b-9a0e-4293-b51e-b32d10067c25
2026-10-04 00:40:06.784 INFO  [http-nio-auto-1-exec-2] c.g.w.infrastructure.WebSocketConfig - STOMP INBOUND: command=DISCONNECT destination=null sessionId=8d9207232c9c40a4b0d8c68933c8a501 principal=GameHubAuthenticationToken [Principal=GameHubUserPrincipal[userId=a7780001-c743-4403-80eb-455c08d529d8, username=macuser, password=$2a$10$UUgT9w0sNwYGHbBpfQv1V.GZxr/nHaNY3hYK78gKa2hKPTVQGBBU6, guest=true, roles=[GUEST]], Credentials=[PROTECTED], Authenticated=true, Details=null, Granted Authorities=[ROLE_GUEST]] principalName=a7780001-c743-4403-80eb-455c08d529d8
2026-10-04 00:40:06.844 INFO  [SpringApplicationShutdownHook] o.s.m.s.b.SimpleBrokerMessageHandler - Stopping...
2026-10-04 00:40:06.845 INFO  [SpringApplicationShutdownHook] o.s.m.s.b.SimpleBrokerMessageHandler - BrokerAvailabilityEvent[available=false, SimpleBrokerMessageHandler [org.springframework.messaging.simp.broker.DefaultSubscriptionRegistry@304c8f39]]
2026-10-04 00:40:06.845 INFO  [SpringApplicationShutdownHook] o.s.m.s.b.SimpleBrokerMessageHandler - Stopped.
2026-10-04 00:40:06.876 INFO  [SpringApplicationShutdownHook] o.s.o.j.LocalContainerEntityManagerFactoryBean - Closing JPA EntityManagerFactory for persistence unit 'default'
2026-10-04 00:40:06.880 INFO  [SpringApplicationShutdownHook] com.zaxxer.hikari.HikariDataSource - HikariPool-1 - Shutdown initiated...
2026-10-04 00:40:06.907 INFO  [SpringApplicationShutdownHook] com.zaxxer.hikari.HikariDataSource - HikariPool-1 - Shutdown completed.
2026-10-04 00:44:19.081 INFO  [main] c.g.voice.VoicePresenceStompTest - Starting VoicePresenceStompTest using Java 21.0.11 with PID 98142 (started by swethamurthy1 in /Users/swethamurthy1/Desktop/game/GameHub-Backend)
2026-10-04 00:44:19.084 INFO  [main] c.g.voice.VoicePresenceStompTest - The following 1 profile is active: "test"
2026-10-04 00:44:20.460 INFO  [main] o.s.d.r.c.RepositoryConfigurationDelegate - Bootstrapping Spring Data JPA repositories in DEFAULT mode.
2026-10-04 00:44:20.628 INFO  [main] o.s.d.r.c.RepositoryConfigurationDelegate - Finished Spring Data repository scanning in 157 ms. Found 16 JPA repository interfaces.
2026-10-04 00:44:21.507 INFO  [main] o.s.b.w.e.tomcat.TomcatWebServer - Tomcat initialized with port 0 (http)
2026-10-04 00:44:21.518 INFO  [main] o.a.coyote.http11.Http11NioProtocol - Initializing ProtocolHandler ["http-nio-auto-1"]
2026-10-04 00:44:21.519 INFO  [main] o.a.catalina.core.StandardService - Starting service [Tomcat]
2026-10-04 00:44:21.519 INFO  [main] o.a.catalina.core.StandardEngine - Starting Servlet engine: [Apache Tomcat/10.1.33]
2026-10-04 00:44:21.576 INFO  [main] o.a.c.c.C.[Tomcat].[localhost].[/] - Initializing Spring embedded WebApplicationContext
2026-10-04 00:44:21.577 INFO  [main] o.s.b.w.s.c.ServletWebServerApplicationContext - Root WebApplicationContext: initialization completed in 2471 ms
2026-10-04 00:44:21.908 INFO  [main] com.zaxxer.hikari.HikariDataSource - HikariPool-1 - Starting...
2026-10-04 00:44:22.326 INFO  [main] com.zaxxer.hikari.pool.HikariPool - HikariPool-1 - Added connection conn0: url=jdbc:h2:mem:gamehub user=SA
2026-10-04 00:44:22.330 INFO  [main] com.zaxxer.hikari.HikariDataSource - HikariPool-1 - Start completed.
2026-10-04 00:44:22.390 INFO  [main] org.flywaydb.core.FlywayExecutor - Database: jdbc:h2:mem:gamehub (H2 2.2)
2026-10-04 00:44:22.401 WARN  [main] o.f.c.i.database.base.Database - Flyway upgrade recommended: H2 2.2.224 is newer than this version of Flyway and support has not been tested. The latest supported version of H2 is 2.2.220.
2026-10-04 00:44:22.420 INFO  [main] o.f.c.i.s.JdbcTableSchemaHistory - Schema history table "public"."flyway_schema_history" does not exist yet
2026-10-04 00:44:22.422 INFO  [main] o.f.core.internal.command.DbValidate - Successfully validated 2 migrations (execution time 00:00.010s)
2026-10-04 00:44:22.428 INFO  [main] o.f.c.i.s.JdbcTableSchemaHistory - Creating Schema History table "public"."flyway_schema_history" ...
2026-10-04 00:44:22.475 INFO  [main] o.f.core.internal.command.DbMigrate - Current version of schema "public": << Empty Schema >>
2026-10-04 00:44:22.508 INFO  [main] o.f.core.internal.command.DbMigrate - Migrating schema "public" to version "1 - initial schema"
2026-10-04 00:44:22.573 INFO  [main] o.f.core.internal.command.DbMigrate - Migrating schema "public" to version "2 - add ready to players"
2026-10-04 00:44:22.604 INFO  [main] o.f.core.internal.command.DbMigrate - Successfully applied 2 migrations to schema "public", now at version v2 (execution time 00:00.062s)
2026-10-04 00:44:23.155 INFO  [main] o.s.o.j.p.SpringPersistenceUnitInfo - No LoadTimeWeaver setup: ignoring JPA class transformer
2026-10-04 00:44:23.221 WARN  [main] org.hibernate.orm.deprecation - HHH90000025: H2Dialect does not need to be specified explicitly using 'hibernate.dialect' (remove the property setting and it will be selected by default)
2026-10-04 00:44:25.063 INFO  [main] o.s.o.j.LocalContainerEntityManagerFactoryBean - Initialized JPA EntityManagerFactory for persistence unit 'default'
2026-10-04 00:44:26.487 INFO  [main] o.s.d.j.r.query.QueryEnhancerFactory - Hibernate is in classpath; If applicable, HQL parser will be used.
2026-10-04 00:44:27.489 INFO  [main] o.s.s.c.a.a.c.InitializeAuthenticationProviderBeanManagerConfigurer$InitializeAuthenticationProviderManagerConfigurer - Global AuthenticationManager configured with AuthenticationProvider bean with name daoAuthenticationProvider
2026-10-04 00:44:27.491 WARN  [main] o.s.s.c.a.a.c.InitializeUserDetailsBeanManagerConfigurer$InitializeUserDetailsManagerConfigurer - Global AuthenticationManager configured with an AuthenticationProvider bean. UserDetailsService beans will not be used for username/password login. Consider removing the AuthenticationProvider bean. Alternatively, consider using the UserDetailsService in a manually instantiated DaoAuthenticationProvider.
2026-10-04 00:44:28.335 INFO  [main] o.a.c.c.C.[Tomcat].[localhost].[/] - Initializing Spring TestDispatcherServlet ''
2026-10-04 00:44:28.336 INFO  [main] o.s.t.w.s.TestDispatcherServlet - Initializing Servlet ''
2026-10-04 00:44:28.338 INFO  [main] o.s.t.w.s.TestDispatcherServlet - Completed initialization in 2 ms
2026-10-04 00:44:28.470 INFO  [main] o.a.coyote.http11.Http11NioProtocol - Starting ProtocolHandler ["http-nio-auto-1"]
2026-10-04 00:44:28.493 INFO  [main] o.s.b.w.e.tomcat.TomcatWebServer - Tomcat started on port 59122 (http) with context path '/'
2026-10-04 00:44:28.496 INFO  [main] o.s.m.s.b.SimpleBrokerMessageHandler - Starting...
2026-10-04 00:44:28.496 INFO  [main] o.s.m.s.b.SimpleBrokerMessageHandler - BrokerAvailabilityEvent[available=true, SimpleBrokerMessageHandler [org.springframework.messaging.simp.broker.DefaultSubscriptionRegistry@4d2eb4c6]]
2026-10-04 00:44:28.497 INFO  [main] o.s.m.s.b.SimpleBrokerMessageHandler - Started.
2026-10-04 00:44:28.510 INFO  [main] c.g.voice.VoicePresenceStompTest - Started VoicePresenceStompTest in 9.994 seconds (process running for 11.366)
2026-10-04 00:44:30.442 INFO  [http-nio-auto-1-exec-1] o.a.c.c.C.[Tomcat].[localhost].[/] - Initializing Spring DispatcherServlet 'dispatcherServlet'
2026-10-04 00:44:30.443 INFO  [http-nio-auto-1-exec-1] o.s.web.servlet.DispatcherServlet - Initializing Servlet 'dispatcherServlet'
2026-10-04 00:44:30.444 INFO  [http-nio-auto-1-exec-1] o.s.web.servlet.DispatcherServlet - Completed initialization in 1 ms
2026-10-04 00:44:30.491 INFO  [http-nio-auto-1-exec-2] c.g.w.i.JwtHandshakeInterceptor - WebSocket handshake attempt - URI: /ws/973/b643514de0b946e3a73755d1063f419c/websocket, Query: token=eyJhbGciOiJIUzI1NiJ9.eyJzdWIiOiJkNDI5ZTYzNy1hNWI5LTQzYmUtYjU1YS02NzQ4NzM1ZmVkNzciLCJ1c2VybmFtZSI6InByYWRlZXAyIiwiZ3Vlc3QiOnRydWUsInJvbGVzIjpbIkdVRVNUIl0sImlhdCI6MTc5MTA1NDg3MCwiZXhwIjoxNzkxMDY5MjcwfQ.Jn59YFSac_LwWStrvMROkozyus7oXLgkEzruXKDckbU, Origin: null, Host: localhost:59122, Auth header present: false
2026-10-04 00:44:30.510 INFO  [http-nio-auto-1-exec-2] c.g.w.i.JwtHandshakeInterceptor - ✓ WebSocket authenticated with user: pradeep2
2026-10-04 00:44:30.521 INFO  [http-nio-auto-1-exec-2] c.g.w.i.WebSocketPrincipalHandshakeHandler - WS HANDSHAKE resolved userId=d429e637-a5b9-43be-b55a-6748735fed77 username=pradeep2 principalName=d429e637-a5b9-43be-b55a-6748735fed77
2026-10-04 00:44:30.664 INFO  [http-nio-auto-1-exec-3] c.g.w.infrastructure.WebSocketConfig - STOMP INBOUND: command=CONNECT destination=null sessionId=b643514de0b946e3a73755d1063f419c principal=GameHubAuthenticationToken [Principal=GameHubUserPrincipal[userId=d429e637-a5b9-43be-b55a-6748735fed77, username=pradeep2, password=$2a$10$KXoHr0KLhCM.JV8fZNP6DOn/HWOOqVTb48yb8WlgRhmJ9BSl5e1Hq, guest=true, roles=[GUEST]], Credentials=[PROTECTED], Authenticated=true, Details=null, Granted Authorities=[ROLE_GUEST]] principalName=d429e637-a5b9-43be-b55a-6748735fed77
2026-10-04 00:44:30.669 INFO  [http-nio-auto-1-exec-3] c.g.w.infrastructure.WebSocketConfig - CONNECT already authenticated: principalClass=com.gamehub.security.infrastructure.GameHubAuthenticationToken principalName=d429e637-a5b9-43be-b55a-6748735fed77 sessionId=b643514de0b946e3a73755d1063f419c
2026-10-04 00:44:30.685 INFO  [http-nio-auto-1-exec-5] c.g.w.i.JwtHandshakeInterceptor - WebSocket handshake attempt - URI: /ws/665/f7173656fbd84b77a94dd1168a28cbd9/websocket, Query: token=eyJhbGciOiJIUzI1NiJ9.eyJzdWIiOiJmOTc5MDMxNS1lMjNlLTRkNGYtODY5MC1iYjU1OGQ3NDYzMDQiLCJ1c2VybmFtZSI6Im1hY3VzZXIyIiwiZ3Vlc3QiOnRydWUsInJvbGVzIjpbIkdVRVNUIl0sImlhdCI6MTc5MTA1NDg3MCwiZXhwIjoxNzkxMDY5MjcwfQ.Ge964zfC94vAzNt41RCWmzI-al7Bt1YhpDoycvQekwc, Origin: null, Host: localhost:59122, Auth header present: false
2026-10-04 00:44:30.689 INFO  [http-nio-auto-1-exec-5] c.g.w.i.JwtHandshakeInterceptor - ✓ WebSocket authenticated with user: macuser2
2026-10-04 00:44:30.693 INFO  [http-nio-auto-1-exec-5] c.g.w.i.WebSocketPrincipalHandshakeHandler - WS HANDSHAKE resolved userId=f9790315-e23e-4d4f-8690-bb558d746304 username=macuser2 principalName=f9790315-e23e-4d4f-8690-bb558d746304
2026-10-04 00:44:30.698 INFO  [http-nio-auto-1-exec-6] c.g.w.infrastructure.WebSocketConfig - STOMP INBOUND: command=CONNECT destination=null sessionId=f7173656fbd84b77a94dd1168a28cbd9 principal=GameHubAuthenticationToken [Principal=GameHubUserPrincipal[userId=f9790315-e23e-4d4f-8690-bb558d746304, username=macuser2, password=$2a$10$U9nE3acKQ9tq7NEq28laRu9DDU34AoEGwD4AxLyrWL7T/i3p2OiJ2, guest=true, roles=[GUEST]], Credentials=[PROTECTED], Authenticated=true, Details=null, Granted Authorities=[ROLE_GUEST]] principalName=f9790315-e23e-4d4f-8690-bb558d746304
2026-10-04 00:44:30.699 INFO  [http-nio-auto-1-exec-6] c.g.w.infrastructure.WebSocketConfig - CONNECT already authenticated: principalClass=com.gamehub.security.infrastructure.GameHubAuthenticationToken principalName=f9790315-e23e-4d4f-8690-bb558d746304 sessionId=f7173656fbd84b77a94dd1168a28cbd9
2026-10-04 00:44:30.711 INFO  [http-nio-auto-1-exec-7] c.g.w.infrastructure.WebSocketConfig - STOMP INBOUND: command=SUBSCRIBE destination=/topic/rooms/8daa24c0-64b7-4335-8758-60a53a70d9df/voice sessionId=b643514de0b946e3a73755d1063f419c principal=GameHubAuthenticationToken [Principal=GameHubUserPrincipal[userId=d429e637-a5b9-43be-b55a-6748735fed77, username=pradeep2, password=$2a$10$KXoHr0KLhCM.JV8fZNP6DOn/HWOOqVTb48yb8WlgRhmJ9BSl5e1Hq, guest=true, roles=[GUEST]], Credentials=[PROTECTED], Authenticated=true, Details=null, Granted Authorities=[ROLE_GUEST]] principalName=d429e637-a5b9-43be-b55a-6748735fed77
2026-10-04 00:44:30.712 INFO  [http-nio-auto-1-exec-8] c.g.w.infrastructure.WebSocketConfig - STOMP INBOUND: command=SUBSCRIBE destination=/topic/rooms/8daa24c0-64b7-4335-8758-60a53a70d9df/voice sessionId=f7173656fbd84b77a94dd1168a28cbd9 principal=GameHubAuthenticationToken [Principal=GameHubUserPrincipal[userId=f9790315-e23e-4d4f-8690-bb558d746304, username=macuser2, password=$2a$10$U9nE3acKQ9tq7NEq28laRu9DDU34AoEGwD4AxLyrWL7T/i3p2OiJ2, guest=true, roles=[GUEST]], Credentials=[PROTECTED], Authenticated=true, Details=null, Granted Authorities=[ROLE_GUEST]] principalName=f9790315-e23e-4d4f-8690-bb558d746304
2026-10-04 00:44:30.724 INFO  [http-nio-auto-1-exec-10] c.g.w.infrastructure.WebSocketConfig - STOMP INBOUND: command=SEND destination=/app/voice/8daa24c0-64b7-4335-8758-60a53a70d9df/join sessionId=f7173656fbd84b77a94dd1168a28cbd9 principal=GameHubAuthenticationToken [Principal=GameHubUserPrincipal[userId=f9790315-e23e-4d4f-8690-bb558d746304, username=macuser2, password=$2a$10$U9nE3acKQ9tq7NEq28laRu9DDU34AoEGwD4AxLyrWL7T/i3p2OiJ2, guest=true, roles=[GUEST]], Credentials=[PROTECTED], Authenticated=true, Details=null, Granted Authorities=[ROLE_GUEST]] principalName=f9790315-e23e-4d4f-8690-bb558d746304
2026-10-04 00:44:30.724 INFO  [http-nio-auto-1-exec-9] c.g.w.infrastructure.WebSocketConfig - STOMP INBOUND: command=SEND destination=/app/voice/8daa24c0-64b7-4335-8758-60a53a70d9df/join sessionId=b643514de0b946e3a73755d1063f419c principal=GameHubAuthenticationToken [Principal=GameHubUserPrincipal[userId=d429e637-a5b9-43be-b55a-6748735fed77, username=pradeep2, password=$2a$10$KXoHr0KLhCM.JV8fZNP6DOn/HWOOqVTb48yb8WlgRhmJ9BSl5e1Hq, guest=true, roles=[GUEST]], Credentials=[PROTECTED], Authenticated=true, Details=null, Granted Authorities=[ROLE_GUEST]] principalName=d429e637-a5b9-43be-b55a-6748735fed77
2026-10-04 00:44:30.742 INFO  [stomp-6] c.g.v.a.VoiceSignalingService - Voice join: roomId=8daa24c0-64b7-4335-8758-60a53a70d9df userId=f9790315-e23e-4d4f-8690-bb558d746304 total=2
2026-10-04 00:44:30.742 INFO  [stomp-4] c.g.v.a.VoiceSignalingService - Voice join: roomId=8daa24c0-64b7-4335-8758-60a53a70d9df userId=d429e637-a5b9-43be-b55a-6748735fed77 total=2
2026-10-04 00:44:30.748 INFO  [stomp-4] c.g.voice.api.VoiceStompController - VOICE JOIN: roomId=8daa24c0-64b7-4335-8758-60a53a70d9df userId=d429e637-a5b9-43be-b55a-6748735fed77 participants=2 requestId=null
2026-10-04 00:44:30.748 INFO  [stomp-6] c.g.voice.api.VoiceStompController - VOICE JOIN: roomId=8daa24c0-64b7-4335-8758-60a53a70d9df userId=f9790315-e23e-4d4f-8690-bb558d746304 participants=2 requestId=null
2026-10-04 00:44:30.755 INFO  [http-nio-auto-1-exec-1] c.g.w.infrastructure.WebSocketConfig - STOMP INBOUND: command=SEND destination=/app/voice/8daa24c0-64b7-4335-8758-60a53a70d9df/leave sessionId=f7173656fbd84b77a94dd1168a28cbd9 principal=GameHubAuthenticationToken [Principal=GameHubUserPrincipal[userId=f9790315-e23e-4d4f-8690-bb558d746304, username=macuser2, password=$2a$10$U9nE3acKQ9tq7NEq28laRu9DDU34AoEGwD4AxLyrWL7T/i3p2OiJ2, guest=true, roles=[GUEST]], Credentials=[PROTECTED], Authenticated=true, Details=null, Granted Authorities=[ROLE_GUEST]] principalName=f9790315-e23e-4d4f-8690-bb558d746304
2026-10-04 00:44:30.765 INFO  [stomp-7] c.g.v.a.VoiceSignalingService - Voice leave: roomId=8daa24c0-64b7-4335-8758-60a53a70d9df userId=f9790315-e23e-4d4f-8690-bb558d746304 remaining=1
2026-10-04 00:44:30.770 INFO  [stomp-7] c.g.voice.api.VoiceStompController - VOICE LEAVE: roomId=8daa24c0-64b7-4335-8758-60a53a70d9df userId=f9790315-e23e-4d4f-8690-bb558d746304 requestId=null
2026-10-04 00:44:30.785 INFO  [http-nio-auto-1-exec-2] c.g.w.infrastructure.WebSocketConfig - STOMP INBOUND: command=DISCONNECT destination=null sessionId=b643514de0b946e3a73755d1063f419c principal=GameHubAuthenticationToken [Principal=GameHubUserPrincipal[userId=d429e637-a5b9-43be-b55a-6748735fed77, username=pradeep2, password=$2a$10$KXoHr0KLhCM.JV8fZNP6DOn/HWOOqVTb48yb8WlgRhmJ9BSl5e1Hq, guest=true, roles=[GUEST]], Credentials=[PROTECTED], Authenticated=true, Details=null, Granted Authorities=[ROLE_GUEST]] principalName=d429e637-a5b9-43be-b55a-6748735fed77
2026-10-04 00:44:30.787 INFO  [http-nio-auto-1-exec-2] c.g.v.a.VoiceSignalingService - Voice leave: roomId=8daa24c0-64b7-4335-8758-60a53a70d9df userId=d429e637-a5b9-43be-b55a-6748735fed77 remaining=0
2026-10-04 00:44:30.813 INFO  [http-nio-auto-1-exec-3] c.g.w.infrastructure.WebSocketConfig - STOMP INBOUND: command=DISCONNECT destination=null sessionId=f7173656fbd84b77a94dd1168a28cbd9 principal=GameHubAuthenticationToken [Principal=GameHubUserPrincipal[userId=f9790315-e23e-4d4f-8690-bb558d746304, username=macuser2, password=$2a$10$U9nE3acKQ9tq7NEq28laRu9DDU34AoEGwD4AxLyrWL7T/i3p2OiJ2, guest=true, roles=[GUEST]], Credentials=[PROTECTED], Authenticated=true, Details=null, Granted Authorities=[ROLE_GUEST]] principalName=f9790315-e23e-4d4f-8690-bb558d746304
2026-10-04 00:44:30.828 INFO  [http-nio-auto-1-exec-3] c.g.w.infrastructure.WebSocketConfig - STOMP INBOUND: command=DISCONNECT destination=null sessionId=f7173656fbd84b77a94dd1168a28cbd9 principal=GameHubAuthenticationToken [Principal=GameHubUserPrincipal[userId=f9790315-e23e-4d4f-8690-bb558d746304, username=macuser2, password=$2a$10$U9nE3acKQ9tq7NEq28laRu9DDU34AoEGwD4AxLyrWL7T/i3p2OiJ2, guest=true, roles=[GUEST]], Credentials=[PROTECTED], Authenticated=true, Details=null, Granted Authorities=[ROLE_GUEST]] principalName=f9790315-e23e-4d4f-8690-bb558d746304
2026-10-04 00:44:30.831 INFO  [http-nio-auto-1-exec-2] c.g.w.infrastructure.WebSocketConfig - STOMP INBOUND: command=DISCONNECT destination=null sessionId=b643514de0b946e3a73755d1063f419c principal=GameHubAuthenticationToken [Principal=GameHubUserPrincipal[userId=d429e637-a5b9-43be-b55a-6748735fed77, username=pradeep2, password=$2a$10$KXoHr0KLhCM.JV8fZNP6DOn/HWOOqVTb48yb8WlgRhmJ9BSl5e1Hq, guest=true, roles=[GUEST]], Credentials=[PROTECTED], Authenticated=true, Details=null, Granted Authorities=[ROLE_GUEST]] principalName=d429e637-a5b9-43be-b55a-6748735fed77
2026-10-04 00:44:31.277 INFO  [http-nio-auto-1-exec-5] c.g.w.i.JwtHandshakeInterceptor - WebSocket handshake attempt - URI: /ws/455/8b037f5b9a514dd1ba9c986a1e7790b7/websocket, Query: token=eyJhbGciOiJIUzI1NiJ9.eyJzdWIiOiIyMmY3NzFiNS00OTYyLTQ4ZmMtYTRjZC01MmZhZmU5NTVmODkiLCJ1c2VybmFtZSI6InByYWRlZXAiLCJndWVzdCI6dHJ1ZSwicm9sZXMiOlsiR1VFU1QiXSwiaWF0IjoxNzkxMDU0ODcxLCJleHAiOjE3OTEwNjkyNzF9.dcQu1QZoVQO7OV_pENjf-EoOQo6tDolUaAynwt_OOnk, Origin: null, Host: localhost:59122, Auth header present: false
2026-10-04 00:44:31.287 INFO  [http-nio-auto-1-exec-5] c.g.w.i.JwtHandshakeInterceptor - ✓ WebSocket authenticated with user: pradeep
2026-10-04 00:44:31.289 INFO  [http-nio-auto-1-exec-5] c.g.w.i.WebSocketPrincipalHandshakeHandler - WS HANDSHAKE resolved userId=22f771b5-4962-48fc-a4cd-52fafe955f89 username=pradeep principalName=22f771b5-4962-48fc-a4cd-52fafe955f89
2026-10-04 00:44:31.294 INFO  [http-nio-auto-1-exec-6] c.g.w.infrastructure.WebSocketConfig - STOMP INBOUND: command=CONNECT destination=null sessionId=8b037f5b9a514dd1ba9c986a1e7790b7 principal=GameHubAuthenticationToken [Principal=GameHubUserPrincipal[userId=22f771b5-4962-48fc-a4cd-52fafe955f89, username=pradeep, password=$2a$10$A0QGMEQvALUo45s0zzwGf.fgoUZQbWNFo19oj2EQByx/4CBS9uUla, guest=true, roles=[GUEST]], Credentials=[PROTECTED], Authenticated=true, Details=null, Granted Authorities=[ROLE_GUEST]] principalName=22f771b5-4962-48fc-a4cd-52fafe955f89
2026-10-04 00:44:31.294 INFO  [http-nio-auto-1-exec-6] c.g.w.infrastructure.WebSocketConfig - CONNECT already authenticated: principalClass=com.gamehub.security.infrastructure.GameHubAuthenticationToken principalName=22f771b5-4962-48fc-a4cd-52fafe955f89 sessionId=8b037f5b9a514dd1ba9c986a1e7790b7
2026-10-04 00:44:31.303 INFO  [http-nio-auto-1-exec-8] c.g.w.i.JwtHandshakeInterceptor - WebSocket handshake attempt - URI: /ws/691/796ce553dc014753be1615b53e416c5f/websocket, Query: token=eyJhbGciOiJIUzI1NiJ9.eyJzdWIiOiIxOTcwNjBhYy02ODZjLTQ3YTMtYTM1OS1mNDY1OWI1YzliMzQiLCJ1c2VybmFtZSI6Im1hY3VzZXIiLCJndWVzdCI6dHJ1ZSwicm9sZXMiOlsiR1VFU1QiXSwiaWF0IjoxNzkxMDU0ODcxLCJleHAiOjE3OTEwNjkyNzF9.fNpohhjQkRPi8B-cGXcE0ct04bEnwVptrGY5V5QK2IY, Origin: null, Host: localhost:59122, Auth header present: false
2026-10-04 00:44:31.305 INFO  [http-nio-auto-1-exec-8] c.g.w.i.JwtHandshakeInterceptor - ✓ WebSocket authenticated with user: macuser
2026-10-04 00:44:31.306 INFO  [http-nio-auto-1-exec-8] c.g.w.i.WebSocketPrincipalHandshakeHandler - WS HANDSHAKE resolved userId=197060ac-686c-47a3-a359-f4659b5c9b34 username=macuser principalName=197060ac-686c-47a3-a359-f4659b5c9b34
2026-10-04 00:44:31.308 INFO  [http-nio-auto-1-exec-10] c.g.w.infrastructure.WebSocketConfig - STOMP INBOUND: command=CONNECT destination=null sessionId=796ce553dc014753be1615b53e416c5f principal=GameHubAuthenticationToken [Principal=GameHubUserPrincipal[userId=197060ac-686c-47a3-a359-f4659b5c9b34, username=macuser, password=$2a$10$tw8Nb3E1Tjp.7U99KOtH9e8777UfTRnLxyPs/p0kf6OnEc3qfEElW, guest=true, roles=[GUEST]], Credentials=[PROTECTED], Authenticated=true, Details=null, Granted Authorities=[ROLE_GUEST]] principalName=197060ac-686c-47a3-a359-f4659b5c9b34
2026-10-04 00:44:31.308 INFO  [http-nio-auto-1-exec-10] c.g.w.infrastructure.WebSocketConfig - CONNECT already authenticated: principalClass=com.gamehub.security.infrastructure.GameHubAuthenticationToken principalName=197060ac-686c-47a3-a359-f4659b5c9b34 sessionId=796ce553dc014753be1615b53e416c5f
2026-10-04 00:44:31.310 INFO  [http-nio-auto-1-exec-9] c.g.w.infrastructure.WebSocketConfig - STOMP INBOUND: command=SUBSCRIBE destination=/user/queue/voice sessionId=8b037f5b9a514dd1ba9c986a1e7790b7 principal=GameHubAuthenticationToken [Principal=GameHubUserPrincipal[userId=22f771b5-4962-48fc-a4cd-52fafe955f89, username=pradeep, password=$2a$10$A0QGMEQvALUo45s0zzwGf.fgoUZQbWNFo19oj2EQByx/4CBS9uUla, guest=true, roles=[GUEST]], Credentials=[PROTECTED], Authenticated=true, Details=null, Granted Authorities=[ROLE_GUEST]] principalName=22f771b5-4962-48fc-a4cd-52fafe955f89
2026-10-04 00:44:31.310 INFO  [http-nio-auto-1-exec-1] c.g.w.infrastructure.WebSocketConfig - STOMP INBOUND: command=SUBSCRIBE destination=/user/queue/voice sessionId=796ce553dc014753be1615b53e416c5f principal=GameHubAuthenticationToken [Principal=GameHubUserPrincipal[userId=197060ac-686c-47a3-a359-f4659b5c9b34, username=macuser, password=$2a$10$tw8Nb3E1Tjp.7U99KOtH9e8777UfTRnLxyPs/p0kf6OnEc3qfEElW, guest=true, roles=[GUEST]], Credentials=[PROTECTED], Authenticated=true, Details=null, Granted Authorities=[ROLE_GUEST]] principalName=197060ac-686c-47a3-a359-f4659b5c9b34
2026-10-04 00:44:31.310 INFO  [http-nio-auto-1-exec-9] c.g.w.infrastructure.WebSocketConfig - STOMP INBOUND: command=SUBSCRIBE destination=/topic/rooms/8daa24c0-64b7-4335-8758-60a53a70d9df/voice sessionId=8b037f5b9a514dd1ba9c986a1e7790b7 principal=GameHubAuthenticationToken [Principal=GameHubUserPrincipal[userId=22f771b5-4962-48fc-a4cd-52fafe955f89, username=pradeep, password=$2a$10$A0QGMEQvALUo45s0zzwGf.fgoUZQbWNFo19oj2EQByx/4CBS9uUla, guest=true, roles=[GUEST]], Credentials=[PROTECTED], Authenticated=true, Details=null, Granted Authorities=[ROLE_GUEST]] principalName=22f771b5-4962-48fc-a4cd-52fafe955f89
2026-10-04 00:44:31.311 INFO  [http-nio-auto-1-exec-1] c.g.w.infrastructure.WebSocketConfig - STOMP INBOUND: command=SUBSCRIBE destination=/topic/rooms/8daa24c0-64b7-4335-8758-60a53a70d9df/voice sessionId=796ce553dc014753be1615b53e416c5f principal=GameHubAuthenticationToken [Principal=GameHubUserPrincipal[userId=197060ac-686c-47a3-a359-f4659b5c9b34, username=macuser, password=$2a$10$tw8Nb3E1Tjp.7U99KOtH9e8777UfTRnLxyPs/p0kf6OnEc3qfEElW, guest=true, roles=[GUEST]], Credentials=[PROTECTED], Authenticated=true, Details=null, Granted Authorities=[ROLE_GUEST]] principalName=197060ac-686c-47a3-a359-f4659b5c9b34
2026-10-04 00:44:31.312 INFO  [http-nio-auto-1-exec-9] c.g.w.infrastructure.WebSocketConfig - STOMP INBOUND: command=SEND destination=/app/voice/8daa24c0-64b7-4335-8758-60a53a70d9df/join sessionId=8b037f5b9a514dd1ba9c986a1e7790b7 principal=GameHubAuthenticationToken [Principal=GameHubUserPrincipal[userId=22f771b5-4962-48fc-a4cd-52fafe955f89, username=pradeep, password=$2a$10$A0QGMEQvALUo45s0zzwGf.fgoUZQbWNFo19oj2EQByx/4CBS9uUla, guest=true, roles=[GUEST]], Credentials=[PROTECTED], Authenticated=true, Details=null, Granted Authorities=[ROLE_GUEST]] principalName=22f771b5-4962-48fc-a4cd-52fafe955f89
2026-10-04 00:44:31.318 INFO  [http-nio-auto-1-exec-9] c.g.w.infrastructure.WebSocketConfig - STOMP INBOUND: command=SEND destination=/app/voice/8daa24c0-64b7-4335-8758-60a53a70d9df/mute sessionId=8b037f5b9a514dd1ba9c986a1e7790b7 principal=GameHubAuthenticationToken [Principal=GameHubUserPrincipal[userId=22f771b5-4962-48fc-a4cd-52fafe955f89, username=pradeep, password=$2a$10$A0QGMEQvALUo45s0zzwGf.fgoUZQbWNFo19oj2EQByx/4CBS9uUla, guest=true, roles=[GUEST]], Credentials=[PROTECTED], Authenticated=true, Details=null, Granted Authorities=[ROLE_GUEST]] principalName=22f771b5-4962-48fc-a4cd-52fafe955f89
2026-10-04 00:44:31.322 INFO  [http-nio-auto-1-exec-9] c.g.w.infrastructure.WebSocketConfig - STOMP INBOUND: command=SEND destination=/app/voice/8daa24c0-64b7-4335-8758-60a53a70d9df/join sessionId=796ce553dc014753be1615b53e416c5f principal=GameHubAuthenticationToken [Principal=GameHubUserPrincipal[userId=197060ac-686c-47a3-a359-f4659b5c9b34, username=macuser, password=$2a$10$tw8Nb3E1Tjp.7U99KOtH9e8777UfTRnLxyPs/p0kf6OnEc3qfEElW, guest=true, roles=[GUEST]], Credentials=[PROTECTED], Authenticated=true, Details=null, Granted Authorities=[ROLE_GUEST]] principalName=197060ac-686c-47a3-a359-f4659b5c9b34
2026-10-04 00:44:31.323 INFO  [stomp-6] c.g.v.a.VoiceSignalingService - Voice join: roomId=8daa24c0-64b7-4335-8758-60a53a70d9df userId=22f771b5-4962-48fc-a4cd-52fafe955f89 total=1
2026-10-04 00:44:31.324 INFO  [stomp-6] c.g.voice.api.VoiceStompController - VOICE JOIN: roomId=8daa24c0-64b7-4335-8758-60a53a70d9df userId=22f771b5-4962-48fc-a4cd-52fafe955f89 participants=1 requestId=null
2026-10-04 00:44:31.324 INFO  [http-nio-auto-1-exec-9] c.g.w.infrastructure.WebSocketConfig - STOMP INBOUND: command=SEND destination=/app/voice/8daa24c0-64b7-4335-8758-60a53a70d9df/mute sessionId=796ce553dc014753be1615b53e416c5f principal=GameHubAuthenticationToken [Principal=GameHubUserPrincipal[userId=197060ac-686c-47a3-a359-f4659b5c9b34, username=macuser, password=$2a$10$tw8Nb3E1Tjp.7U99KOtH9e8777UfTRnLxyPs/p0kf6OnEc3qfEElW, guest=true, roles=[GUEST]], Credentials=[PROTECTED], Authenticated=true, Details=null, Granted Authorities=[ROLE_GUEST]] principalName=197060ac-686c-47a3-a359-f4659b5c9b34
2026-10-04 00:44:31.324 INFO  [stomp-7] c.g.v.a.VoiceSignalingService - Voice join: roomId=8daa24c0-64b7-4335-8758-60a53a70d9df userId=197060ac-686c-47a3-a359-f4659b5c9b34 total=2
2026-10-04 00:44:31.325 INFO  [stomp-7] c.g.voice.api.VoiceStompController - VOICE JOIN: roomId=8daa24c0-64b7-4335-8758-60a53a70d9df userId=197060ac-686c-47a3-a359-f4659b5c9b34 participants=2 requestId=null
2026-10-04 00:44:31.330 INFO  [http-nio-auto-1-exec-2] c.g.w.infrastructure.WebSocketConfig - STOMP INBOUND: command=DISCONNECT destination=null sessionId=8b037f5b9a514dd1ba9c986a1e7790b7 principal=GameHubAuthenticationToken [Principal=GameHubUserPrincipal[userId=22f771b5-4962-48fc-a4cd-52fafe955f89, username=pradeep, password=$2a$10$A0QGMEQvALUo45s0zzwGf.fgoUZQbWNFo19oj2EQByx/4CBS9uUla, guest=true, roles=[GUEST]], Credentials=[PROTECTED], Authenticated=true, Details=null, Granted Authorities=[ROLE_GUEST]] principalName=22f771b5-4962-48fc-a4cd-52fafe955f89
2026-10-04 00:44:31.337 INFO  [http-nio-auto-1-exec-4] c.g.w.infrastructure.WebSocketConfig - STOMP INBOUND: command=DISCONNECT destination=null sessionId=796ce553dc014753be1615b53e416c5f principal=GameHubAuthenticationToken [Principal=GameHubUserPrincipal[userId=197060ac-686c-47a3-a359-f4659b5c9b34, username=macuser, password=$2a$10$tw8Nb3E1Tjp.7U99KOtH9e8777UfTRnLxyPs/p0kf6OnEc3qfEElW, guest=true, roles=[GUEST]], Credentials=[PROTECTED], Authenticated=true, Details=null, Granted Authorities=[ROLE_GUEST]] principalName=197060ac-686c-47a3-a359-f4659b5c9b34
2026-10-04 00:44:31.339 INFO  [stomp-4] c.g.voice.api.VoiceStompController - VOICE MUTE: roomId=8daa24c0-64b7-4335-8758-60a53a70d9df userId=197060ac-686c-47a3-a359-f4659b5c9b34 muted=true
2026-10-04 00:44:31.339 INFO  [stomp-5] c.g.voice.api.VoiceStompController - VOICE MUTE: roomId=8daa24c0-64b7-4335-8758-60a53a70d9df userId=22f771b5-4962-48fc-a4cd-52fafe955f89 muted=true
2026-10-04 00:44:31.341 INFO  [http-nio-auto-1-exec-4] c.g.v.a.VoiceSignalingService - Voice leave: roomId=8daa24c0-64b7-4335-8758-60a53a70d9df userId=197060ac-686c-47a3-a359-f4659b5c9b34 remaining=0
2026-10-04 00:44:31.339 INFO  [stomp-7] c.g.v.a.VoiceSignalingService - Voice leave: roomId=8daa24c0-64b7-4335-8758-60a53a70d9df userId=22f771b5-4962-48fc-a4cd-52fafe955f89 remaining=1
2026-10-04 00:44:31.339 ERROR [WebSocketClient-AsyncIO-7] o.s.w.s.s.c.WebSocketClientSockJsSession - Ignoring received message due to state CLOSED in WebSocketClientSockJsSession[id='8b037f5b9a514dd1ba9c986a1e7790b7, url=http://localhost:59122/ws?token=eyJhbGciOiJIUzI1NiJ9.eyJzdWIiOiIyMmY3NzFiNS00OTYyLTQ4ZmMtYTRjZC01MmZhZmU5NTVmODkiLCJ1c2VybmFtZSI6InByYWRlZXAiLCJndWVzdCI6dHJ1ZSwicm9sZXMiOlsiR1VFU1QiXSwiaWF0IjoxNzkxMDU0ODcxLCJleHAiOjE3OTEwNjkyNzF9.dcQu1QZoVQO7OV_pENjf-EoOQo6tDolUaAynwt_OOnk]
2026-10-04 00:44:31.355 INFO  [stomp-7] c.g.w.infrastructure.WebSocketConfig - STOMP INBOUND: command=DISCONNECT destination=null sessionId=8b037f5b9a514dd1ba9c986a1e7790b7 principal=GameHubAuthenticationToken [Principal=GameHubUserPrincipal[userId=22f771b5-4962-48fc-a4cd-52fafe955f89, username=pradeep, password=$2a$10$A0QGMEQvALUo45s0zzwGf.fgoUZQbWNFo19oj2EQByx/4CBS9uUla, guest=true, roles=[GUEST]], Credentials=[PROTECTED], Authenticated=true, Details=null, Granted Authorities=[ROLE_GUEST]] principalName=22f771b5-4962-48fc-a4cd-52fafe955f89
2026-10-04 00:44:31.355 INFO  [http-nio-auto-1-exec-4] c.g.w.infrastructure.WebSocketConfig - STOMP INBOUND: command=DISCONNECT destination=null sessionId=796ce553dc014753be1615b53e416c5f principal=GameHubAuthenticationToken [Principal=GameHubUserPrincipal[userId=197060ac-686c-47a3-a359-f4659b5c9b34, username=macuser, password=$2a$10$tw8Nb3E1Tjp.7U99KOtH9e8777UfTRnLxyPs/p0kf6OnEc3qfEElW, guest=true, roles=[GUEST]], Credentials=[PROTECTED], Authenticated=true, Details=null, Granted Authorities=[ROLE_GUEST]] principalName=197060ac-686c-47a3-a359-f4659b5c9b34
2026-10-04 00:44:31.562 INFO  [SpringApplicationShutdownHook] o.s.m.s.b.SimpleBrokerMessageHandler - Stopping...
2026-10-04 00:44:31.562 INFO  [SpringApplicationShutdownHook] o.s.m.s.b.SimpleBrokerMessageHandler - BrokerAvailabilityEvent[available=false, SimpleBrokerMessageHandler [org.springframework.messaging.simp.broker.DefaultSubscriptionRegistry@4d2eb4c6]]
2026-10-04 00:44:31.563 INFO  [SpringApplicationShutdownHook] o.s.m.s.b.SimpleBrokerMessageHandler - Stopped.
2026-10-04 00:44:31.645 INFO  [SpringApplicationShutdownHook] o.s.o.j.LocalContainerEntityManagerFactoryBean - Closing JPA EntityManagerFactory for persistence unit 'default'
2026-10-04 00:44:31.660 INFO  [SpringApplicationShutdownHook] com.zaxxer.hikari.HikariDataSource - HikariPool-1 - Shutdown initiated...
2026-10-04 00:44:31.668 INFO  [SpringApplicationShutdownHook] com.zaxxer.hikari.HikariDataSource - HikariPool-1 - Shutdown completed.
